// Jest Snapshot v1, https://goo.gl/fbAQLP

exports[`Renderer Component: Button 1`] = `
<View
  accessible={true}
  focusable={true}
  onClick={[Function]}
  onResponderGrant={[Function]}
  onResponderMove={[Function]}
  onResponderRelease={[Function]}
  onResponderTerminate={[Function]}
  onResponderTerminationRequest={[Function]}
  onStartShouldSetResponder={[Function]}
  style={
    Object {
      "alignItems": "center",
      "backgroundColor": "#ffffff",
      "borderRadius": 6,
      "elevation": 5,
      "opacity": 1,
      "paddingVertical": 14,
      "shadowColor": "#333333",
      "shadowOffset": Object {
        "height": 4,
        "width": 6,
      },
      "shadowOpacity": 0.2,
      "shadowRadius": 4,
    }
  }
>
  <Text
    style={
      Object {
        "color": "#ffffff",
        "fontSize": 16,
        "fontWeight": "600",
      }
    }
  >
    버튼
  </Text>
</View>
`;
