// Jest Snapshot v1, https://goo.gl/fbAQLP

exports[`Renderer Component: RadioButton 1`] = `
<View
  accessible={true}
  clickable={true}
  isTVSelectable={true}
  onClick={[Function]}
  onResponderGrant={[Function]}
  onResponderMove={[Function]}
  onResponderRelease={[Function]}
  onResponderTerminate={[Function]}
  onResponderTerminationRequest={[Function]}
  onStartShouldSetResponder={[Function]}
  style={
    Object {
      "alignItems": "center",
      "opacity": 1,
    }
  }
>
  <View
    row={true}
    style={
      Array [
        undefined,
        undefined,
        undefined,
        Object {},
        Object {},
        Object {
          "flexDirection": "row",
        },
        undefined,
      ]
    }
  >
    <View
      style={
        Array [
          undefined,
          undefined,
          undefined,
          Object {},
          Object {},
          Object {},
          Array [
            Object {
              "backgroundColor": "#ffffff",
              "borderRadius": 14,
              "borderWidth": 1,
              "elevation": 5,
              "height": 14,
              "shadowColor": "#333333",
              "shadowOffset": Object {
                "height": 2,
                "width": 0,
              },
              "shadowOpacity": 0.2,
              "shadowRadius": 2,
              "width": 14,
            },
            Object {
              "backgroundColor": "#ec2",
            },
          ],
        ]
      }
    />
    <Text
      style={
        Object {
          "fontSize": 12,
          "marginLeft": 2,
          "marginRight": 8,
        }
      }
    >
      라디오버튼
    </Text>
  </View>
</View>
`;
